<UIView; frame = (0 0; 414 736); autoresize = W+H; backgroundColor = UIExtendedSRGBColorSpace 0.101961 0.737255 0.611765 1; layer = <CALayer>>
   | <UILabel; frame = (20 94; 374 40); text = 'Bienvenido'; opaque = NO; autoresize = RM+BM; userInteractionEnabled = NO; layer = <_UILabelLayer>>
   | <UILabel; frame = (20 234; 414 20); text = 'Usuario'; opaque = NO; autoresize = RM+BM; userInteractionEnabled = NO; layer = <_UILabelLayer>>
   | <UITextField; frame = (20 284; 374 30); text = ''; opaque = NO; autoresize = RM+BM; gestureRecognizers = <NSArray>; borderStyle = RoundedRect; background = <_UITextFieldSystemBackgroundProvider: backgroundView=<_UITextFieldRoundedRectBackgroundViewNeue; frame = (0 0; 374 30); opaque = NO; autoresize = W+H; userInteractionEnabled = NO; backgroundColor = <UIDynamicSystemColor; name = _textFieldBackgroundColor>; layer = <CALayer>>, fillColor=(null), textfield=<UITextField>>; layer = <CALayer>>
   |    | <_UITextFieldRoundedRectBackgroundViewNeue; frame = (0 0; 374 30); opaque = NO; autoresize = W+H; userInteractionEnabled = NO; backgroundColor = <UIDynamicSystemColor; name = _textFieldBackgroundColor>; layer = <CALayer>>
   |    | <_UITouchPassthroughView; frame = (0 0; 321 26); layer = <CALayer>>
   |    | <_UITextLayoutCanvasView; frame = (7 2; 360 26); layer = <CALayer>>
   |    |    | <_UITextLayoutFragmentView; frame = (0 4.66667; 0 17); opaque = NO; layer = <CALayer>>
   | <UIButton; frame = (20 364; 374 30); opaque = NO; autoresize = RM+BM; gestureRecognizers = <NSArray>; layer = <CALayer>> configuration=<UIButtonConfiguration> baseStyle=filled macStyle=automatic buttonSize=medium cornerStyle=dynamic title=<>:'Continuar' contentInsets=default imagePlacement=leading imagePadding=0 titlePadding=1 titleAlignment=automatic background=<UIBackgroundConfiguration; Base Style = Custom; cornerRadius = 5.95; backgroundColor = kCGColorSpaceModelRGB 0 0.478431 1 1 >
   |    | <_UISystemBackgroundView; frame = (0 0; 374 30); userInteractionEnabled = NO; layer = <CALayer>; configuration = <UIBackgroundConfiguration; Base Style = Custom; cornerRadius = 5.66667; backgroundColor = kCGColorSpaceModelRGB 0 0.478431 1 1 >>
   |    |    | <UIView; frame = (0 0; 374 30); clipsToBounds = YES; backgroundColor = kCGColorSpaceModelRGB 0 0.478431 1 1 ; layer = <CALayer>>
   |    | <UILabel; frame = (151.333 5.33333; 71 19.3333); text = 'Continuar'; userInteractionEnabled = NO; backgroundColor = UIExtendedGrayColorSpace 0 0; layer = <_UILabelLayer>>