â–¿ UserRequest
  - password: "test"
  - username: "test"
